mode: set
terhandle/internal/features/admin/service/service.go:11.86,15.2 1 1
terhandle/internal/features/admin/service/service.go:17.66,20.16 2 1
terhandle/internal/features/admin/service/service.go:20.16,22.3 1 0
terhandle/internal/features/admin/service/service.go:24.2,24.12 1 1
terhandle/internal/features/admin/service/service.go:27.64,29.16 2 1
terhandle/internal/features/admin/service/service.go:29.16,31.3 1 0
terhandle/internal/features/admin/service/service.go:33.2,33.24 1 1
terhandle/internal/features/admin/service/service.go:36.83,38.16 2 1
terhandle/internal/features/admin/service/service.go:38.16,40.3 1 0
terhandle/internal/features/admin/service/service.go:42.2,42.12 1 1
terhandle/internal/features/admin/service/service.go:45.55,47.16 2 1
terhandle/internal/features/admin/service/service.go:47.16,49.3 1 0
terhandle/internal/features/admin/service/service.go:51.2,51.12 1 1
terhandle/internal/features/admin/service/service.go:54.73,56.16 2 1
terhandle/internal/features/admin/service/service.go:56.16,58.3 1 0
terhandle/internal/features/admin/service/service.go:60.2,60.12 1 1
terhandle/internal/features/admin/service/service.go:63.82,65.16 2 1
terhandle/internal/features/admin/service/service.go:65.16,67.3 1 0
terhandle/internal/features/admin/service/service.go:69.2,69.12 1 1
terhandle/internal/features/feedback/service/service.go:12.92,16.2 1 1
terhandle/internal/features/feedback/service/service.go:18.70,20.109 1 1
terhandle/internal/features/feedback/service/service.go:20.109,22.3 1 1
terhandle/internal/features/feedback/service/service.go:24.2,24.24 1 1
terhandle/internal/features/feedback/service/service.go:24.24,26.3 1 1
terhandle/internal/features/feedback/service/service.go:28.2,29.16 2 1
terhandle/internal/features/feedback/service/service.go:29.16,31.3 1 1
terhandle/internal/features/feedback/service/service.go:33.2,34.16 2 1
terhandle/internal/features/feedback/service/service.go:34.16,36.3 1 0
terhandle/internal/features/feedback/service/service.go:38.2,39.16 2 1
terhandle/internal/features/feedback/service/service.go:39.16,41.3 1 0
terhandle/internal/features/feedback/service/service.go:43.2,43.12 1 1
terhandle/internal/features/feedback/service/service.go:46.114,49.16 2 1
terhandle/internal/features/feedback/service/service.go:49.16,51.3 1 1
terhandle/internal/features/feedback/service/service.go:53.2,53.12 1 1
terhandle/internal/features/request-teknisi/service/service.go:12.98,15.2 1 1
terhandle/internal/features/request-teknisi/service/service.go:17.58,19.78 1 1
terhandle/internal/features/request-teknisi/service/service.go:19.78,21.3 1 1
terhandle/internal/features/request-teknisi/service/service.go:22.2,23.16 2 1
terhandle/internal/features/request-teknisi/service/service.go:23.16,25.3 1 0
terhandle/internal/features/request-teknisi/service/service.go:27.2,28.16 2 1
terhandle/internal/features/request-teknisi/service/service.go:28.16,30.3 1 1
terhandle/internal/features/request-teknisi/service/service.go:32.2,32.12 1 1
terhandle/internal/features/request-teknisi/service/service.go:35.79,37.63 1 1
terhandle/internal/features/request-teknisi/service/service.go:37.63,39.3 1 0
terhandle/internal/features/request-teknisi/service/service.go:41.2,41.12 1 1
terhandle/internal/features/request-teknisi/service/service.go:44.70,46.16 2 1
terhandle/internal/features/request-teknisi/service/service.go:46.16,48.3 1 0
terhandle/internal/features/request-teknisi/service/service.go:49.2,49.21 1 1
terhandle/internal/features/request-teknisi/service/service.go:52.71,54.16 2 1
terhandle/internal/features/request-teknisi/service/service.go:54.16,56.3 1 0
terhandle/internal/features/request-teknisi/service/service.go:57.2,57.20 1 1
terhandle/internal/features/request-teknisi/service/service.go:60.77,62.73 1 1
terhandle/internal/features/request-teknisi/service/service.go:62.73,64.3 1 1
terhandle/internal/features/request-teknisi/service/service.go:66.2,66.96 1 1
terhandle/internal/features/request-teknisi/service/service.go:66.96,68.3 1 1
terhandle/internal/features/request-teknisi/service/service.go:70.2,70.12 1 1
terhandle/internal/features/request-teknisi/service/service.go:73.89,75.94 1 1
terhandle/internal/features/request-teknisi/service/service.go:75.94,77.3 1 0
terhandle/internal/features/request-teknisi/service/service.go:79.2,79.88 1 1
terhandle/internal/features/request-teknisi/service/service.go:79.88,81.3 1 0
terhandle/internal/features/request-teknisi/service/service.go:83.2,83.12 1 1
terhandle/internal/features/request-teknisi/service/service.go:86.89,88.87 1 1
terhandle/internal/features/request-teknisi/service/service.go:88.87,90.3 1 1
terhandle/internal/features/request-teknisi/service/service.go:91.2,91.90 1 1
terhandle/internal/features/request-teknisi/service/service.go:91.90,93.3 1 1
terhandle/internal/features/request-teknisi/service/service.go:95.2,95.12 1 1
terhandle/internal/features/request-teknisi/service/service.go:98.91,100.89 1 1
terhandle/internal/features/request-teknisi/service/service.go:100.89,102.3 1 1
terhandle/internal/features/request-teknisi/service/service.go:103.2,103.87 1 1
terhandle/internal/features/request-teknisi/service/service.go:103.87,105.3 1 0
terhandle/internal/features/request-teknisi/service/service.go:107.2,107.12 1 1
terhandle/internal/features/user/service/service.go:18.84,21.2 1 1
terhandle/internal/features/user/service/service.go:23.58,25.73 2 1
terhandle/internal/features/user/service/service.go:25.73,27.3 1 0
terhandle/internal/features/user/service/service.go:35.2,36.16 2 1
terhandle/internal/features/user/service/service.go:36.16,37.50 1 1
terhandle/internal/features/user/service/service.go:37.50,38.31 1 0
terhandle/internal/features/user/service/service.go:38.31,40.5 1 0
terhandle/internal/features/user/service/service.go:42.3,42.13 1 1
terhandle/internal/features/user/service/service.go:44.2,44.12 1 1
terhandle/internal/features/user/service/service.go:47.83,48.34 1 1
terhandle/internal/features/user/service/service.go:48.34,50.3 1 1
terhandle/internal/features/user/service/service.go:52.2,58.16 3 1
terhandle/internal/features/user/service/service.go:58.16,60.3 1 1
terhandle/internal/features/user/service/service.go:61.2,61.25 1 0
terhandle/internal/features/user/service/service.go:64.81,66.64 1 1
terhandle/internal/features/user/service/service.go:66.64,68.3 1 1
terhandle/internal/features/user/service/service.go:70.2,70.12 1 0
terhandle/internal/features/user/service/service.go:73.63,75.82 1 1
terhandle/internal/features/user/service/service.go:75.82,77.3 1 0
terhandle/internal/features/user/service/service.go:79.2,79.12 1 1
terhandle/internal/features/user/service/service.go:82.56,84.16 2 1
terhandle/internal/features/user/service/service.go:84.16,86.3 1 1
terhandle/internal/features/user/service/service.go:87.2,87.19 1 1
terhandle/internal/features/user/service/service.go:90.84,92.16 2 1
terhandle/internal/features/user/service/service.go:92.16,94.3 1 1
terhandle/internal/features/user/service/service.go:96.2,96.19 1 0
terhandle/internal/features/user/service/service.go:99.69,101.16 2 1
terhandle/internal/features/user/service/service.go:101.16,103.3 1 1
terhandle/internal/features/user/service/service.go:104.2,104.19 1 1
terhandle/internal/features/user/service/service.go:108.55,110.16 2 1
terhandle/internal/features/user/service/service.go:110.16,112.3 1 0
terhandle/internal/features/user/service/service.go:113.2,113.12 1 1
